PASSI SEGUITI NELLA PRIMA CONTRIBUZIONE

anapascual@DESKTOP-TT1IABQ MINGW64 ~
$ cd cmepda

anapascual@DESKTOP-TT1IABQ MINGW64 ~/cmepda (main)
$ git clone git@github.com:apascual303/Seconda
Cloning into 'Seconda'...
The authenticity of host 'github.com (140.82.121.4)' can't be established.
ED25519 key fingerprint is SHA256:+DiY3wvvV6TuJJhbpZisF/zLDA0zPMSvHdkr4UvCOqU.
This key is not known by any other names
Are you sure you want to continue connecting (yes/no/[fingerprint])? yes
Warning: Permanently added 'github.com' (ED25519) to the list of known hosts.
git@github.com: Permission denied (publickey).
fatal: Could not read from remote repository.

Please make sure you have the correct access rights
and the repository exists.

anapascual@DESKTOP-TT1IABQ MINGW64 ~/cmepda (main)
$ git clone git@github.com:apascual303/Seconda
Cloning into 'Seconda'...
git@github.com: Permission denied (publickey).
fatal: Could not read from remote repository.

Please make sure you have the correct access rights
and the repository exists.

anapascual@DESKTOP-TT1IABQ MINGW64 ~/cmepda (main)
$ ls
GB_condiviso/  class/  nombres.txt  practice/

anapascual@DESKTOP-TT1IABQ MINGW64 ~/cmepda (main)
$ git clone https://github.com/apascual303/Seconda
Cloning into 'Seconda'...
remote: Enumerating objects: 5, done.
remote: Counting objects: 100% (5/5), done.
remote: Compressing objects: 100% (4/4), done.
remote: Total 5 (delta 0), reused 0 (delta 0), pack-reused 0
Receiving objects: 100% (5/5), 13.45 KiB | 320.00 KiB/s, done.

anapascual@DESKTOP-TT1IABQ MINGW64 ~/cmepda (main)
$ ls
GB_condiviso/  Seconda/  class/  nombres.txt  practice/

anapascual@DESKTOP-TT1IABQ MINGW64 ~/cmepda (main)
$ cd Seconda

anapascual@DESKTOP-TT1IABQ MINGW64 ~/cmepda/Seconda (main)
$ git remote add bitgio git://github.com/bitgio/Seconda

anapascual@DESKTOP-TT1IABQ MINGW64 ~/cmepda/Seconda (main)
$ git remote -v
bitgio  git://github.com/bitgio/Seconda (fetch)
bitgio  git://github.com/bitgio/Seconda (push)
origin  https://github.com/apascual303/Seconda (fetch)
origin  https://github.com/apascual303/Seconda (push)

anapascual@DESKTOP-TT1IABQ MINGW64 ~/cmepda/Seconda (main)
$ git status
On branch main
Your branch is up to date with 'origin/main'.

Untracked files:
  (use "git add <file>..." to include in what will be committed)
        how_to_contribute.txt

nothing added to commit but untracked files present (use "git add" to track)

anapascual@DESKTOP-TT1IABQ MINGW64 ~/cmepda/Seconda (main)
$ gid add how_to_contribute.txt
bash: gid: command not found

anapascual@DESKTOP-TT1IABQ MINGW64 ~/cmepda/Seconda (main)
$ git add how_to_contribute.txt

anapascual@DESKTOP-TT1IABQ MINGW64 ~/cmepda/Seconda (main)
$ git status
On branch main
Your branch is up to date with 'origin/main'.

Changes to be committed:
  (use "git restore --staged <file>..." to unstage)
        new file:   how_to_contribute.txt


anapascual@DESKTOP-TT1IABQ MINGW64 ~/cmepda/Seconda (main)
$ git commit how_to_contribute.txt
[main 85c10ef] First try contributing pushing how_to_contribut.txt
 1 file changed, 10 insertions(+)
 create mode 100644 how_to_contribute.txt

anapascual@DESKTOP-TT1IABQ MINGW64 ~/cmepda/Seconda (main)
$ git push origin main
Enumerating objects: 4, done.
Counting objects: 100% (4/4), done.
Delta compression using up to 8 threads
Compressing objects: 100% (3/3), done.
Writing objects: 100% (3/3), 580 bytes | 290.00 KiB/s, done.
Total 3 (delta 1), reused 0 (delta 0), pack-reused 0
remote: Resolving deltas: 100% (1/1), completed with 1 local object.
To https://github.com/apascual303/Seconda
   3d3b896..85c10ef  main -> main

anapascual@DESKTOP-TT1IABQ MINGW64 ~/cmepda/Seconda (main)
$ git pull bitgio main
fatal: unable to connect to github.com:
github.com[0: 140.82.121.4]: errno=Unknown error

